2023/04/02 16:22:30 [error] 138698#138698: *2041 open() "/var/www/html/owa/auth/logon.aspx" failed (2: No such file or directory), client: 52.252.148.246, server: audder.com, request: "GET /owa/auth/logon.aspx HTTP/1.1", host: "147.182.196.52"
2023/04/02 16:22:30 [error] 138699#138699: *2043 open() "/var/www/html/mifs/user/login.jsp" failed (2: No such file or directory), client: 52.252.148.246, server: audder.com, request: "GET /mifs/user/login.jsp HTTP/1.1", host: "147.182.196.52"
2023/04/02 16:22:30 [error] 138699#138699: *2044 open() "/var/www/html/mics/login.jsp" failed (2: No such file or directory), client: 52.252.148.246, server: audder.com, request: "GET /mics/login.jsp HTTP/1.1", host: "147.182.196.52"
2023/04/02 16:22:30 [error] 138698#138698: *2042 open() "/var/www/html/vsapres/web20/core/login.aspx" failed (2: No such file or directory), client: 52.252.148.246, server: audder.com, request: "GET /vsapres/web20/core/login.aspx HTTP/1.1", host: "147.182.196.52"
2023/04/02 16:22:30 [error] 138698#138698: *2045 "/var/www/html/courier/index.html" is not found (2: No such file or directory), client: 52.252.148.246, server: audder.com, request: "GET /courier/ HTTP/1.1", host: "147.182.196.52"
2023/04/02 16:22:30 [error] 138698#138698: *2046 open() "/var/www/html/index.html" failed (2: No such file or directory), client: 52.252.148.246, server: audder.com, request: "GET /index.html HTTP/1.1", host: "147.182.196.52"
2023/04/02 16:22:30 [error] 138698#138698: *2048 "/var/www/html/wsman/index.html" is not found (2: No such file or directory), client: 52.252.148.246, server: audder.com, request: "POST /wsman/ HTTP/1.1", host: "147.182.196.52"
2023/04/02 16:22:30 [error] 138698#138698: *2047 open() "/var/www/html/dana-na/auth/url_default/welcome.cgi" failed (2: No such file or directory), client: 52.252.148.246, server: audder.com, request: "GET /dana-na/auth/url_default/welcome.cgi HTTP/1.1", host: "147.182.196.52"
2023/04/02 16:22:30 [error] 138698#138698: *2049 open() "/var/www/html/exchange/logon.asp" failed (2: No such file or directory), client: 52.252.148.246, server: audder.com, request: "GET /exchange/logon.asp HTTP/1.1", host: "147.182.196.52"
2023/04/02 16:22:30 [error] 138698#138698: *2050 directory index of "/var/www/html/" is forbidden, client: 52.252.148.246, server: audder.com, request: "GET / HTTP/1.1", host: "147.182.196.52"
2023/04/02 16:22:30 [error] 138698#138698: *2051 open() "/var/www/html/dashboard.html" failed (2: No such file or directory), client: 52.252.148.246, server: audder.com, request: "GET /dashboard.html HTTP/1.1", host: "147.182.196.52"
2023/04/02 16:23:32 [error] 138698#138698: *2052 directory index of "/var/www/html/" is forbidden, client: 52.252.148.246, server: audder.com, request: "GET / HTTP/1.1", host: "147.182.196.52"
2023/04/02 16:23:33 [error] 138698#138698: *2053 open() "/var/www/html/favicon.ico" failed (2: No such file or directory), client: 52.252.148.246, server: audder.com, request: "GET /favicon.ico HTTP/1.1", host: "147.182.196.52"
2023/04/02 16:23:33 [error] 138698#138698: *2054 open() "/var/www/html/Rapid7/JBoss/version-check-2WRe8G.html" failed (2: No such file or directory), client: 52.252.148.246, server: audder.com, request: "GET /Rapid7/JBoss/version-check-2WRe8G.html HTTP/1.1", host: "147.182.196.52"
2023/04/02 16:23:33 [error] 138698#138698: *2055 open() "/var/www/html/console/login/LoginForm.jsp" failed (2: No such file or directory), client: 52.252.148.246, server: audder.com, request: "GET /console/login/LoginForm.jsp HTTP/1.1", host: "147.182.196.52"
2023/04/02 16:23:44 [error] 138698#138698: *2056 directory index of "/var/www/html/" is forbidden, client: 52.252.148.246, server: audder.com, request: "GET / HTTP/1.1", host: "147.182.196.52"
2023/04/02 16:23:44 [error] 138698#138698: *2057 open() "/var/www/html/index.htm" failed (2: No such file or directory), client: 52.252.148.246, server: audder.com, request: "GET /index.htm? HTTP/1.1", host: "147.182.196.52"
2023/04/02 16:23:45 [error] 138699#138699: *2062 open() "/var/www/html/mediawiki/index.php" failed (2: No such file or directory), client: 52.252.148.246, server: audder.com, request: "GET /mediawiki/index.php?title=Main_Page HTTP/1.1", host: "147.182.196.52"
2023/04/02 16:23:45 [error] 138699#138699: *2062 open() "/var/www/html/helpdesk/WebObjects/Helpdesk.woa" failed (2: No such file or directory), client: 52.252.148.246, server: audder.com, request: "GET /helpdesk/WebObjects/Helpdesk.woa HTTP/1.1", host: "147.182.196.52"
2023/04/02 16:23:45 [error] 138699#138699: *2062 open() "/var/www/html/login.jsp" failed (2: No such file or directory), client: 52.252.148.246, server: audder.com, request: "GET /login.jsp HTTP/1.1", host: "147.182.196.52"
2023/04/02 16:23:45 [error] 138699#138699: *2062 open() "/var/www/html/version" failed (2: No such file or directory), client: 52.252.148.246, server: audder.com, request: "GET /version HTTP/1.1", host: "147.182.196.52"
2023/04/02 16:23:45 [error] 138699#138699: *2062 open() "/var/www/html/aspera/faspex" failed (2: No such file or directory), client: 52.252.148.246, server: audder.com, request: "GET /aspera/faspex HTTP/1.1", host: "147.182.196.52"
2023/04/02 16:23:45 [error] 138699#138699: *2062 "/var/www/html/JSPWiki/index.html" is not found (2: No such file or directory), client: 52.252.148.246, server: audder.com, request: "GET /JSPWiki/ HTTP/1.1", host: "147.182.196.52"
2023/04/02 16:23:46 [error] 138699#138699: *2062 open() "/var/www/html/jira/secure/Dashboard.jspa" failed (2: No such file or directory), client: 52.252.148.246, server: audder.com, request: "GET /jira/secure/Dashboard.jspa HTTP/1.1", host: "147.182.196.52"
2023/04/02 16:23:46 [error] 138699#138699: *2062 open() "/var/www/html/version/openshift" failed (2: No such file or directory), client: 52.252.148.246, server: audder.com, request: "GET /version/openshift HTTP/1.1", host: "147.182.196.52"
2023/04/02 16:23:46 [error] 138699#138699: *2062 open() "/var/www/html/jspwebshell.jsp" failed (2: No such file or directory), client: 52.252.148.246, server: audder.com, request: "GET /jspwebshell.jsp HTTP/1.1", host: "147.182.196.52"
2023/04/02 16:23:46 [error] 138699#138699: *2062 open() "/var/www/html/secure/Dashboard.jspa" failed (2: No such file or directory), client: 52.252.148.246, server: audder.com, request: "GET /secure/Dashboard.jspa HTTP/1.1", host: "147.182.196.52"
2023/04/02 16:23:46 [error] 138699#138699: *2062 open() "/var/www/html/portal/webclient/index.html" failed (2: No such file or directory), client: 52.252.148.246, server: audder.com, request: "GET /portal/webclient/index.html#/home HTTP/1.1", host: "147.182.196.52"
2023/04/02 16:23:46 [error] 138699#138699: *2062 open() "/var/www/html/ecp" failed (2: No such file or directory), client: 52.252.148.246, server: audder.com, request: "GET /ecp HTTP/1.1", host: "147.182.196.52"
2023/04/02 16:23:47 [error] 138699#138699: *2062 open() "/var/www/html/home.aspx" failed (2: No such file or directory), client: 52.252.148.246, server: audder.com, request: "GET /home.aspx HTTP/1.1", host: "147.182.196.52"
2023/04/02 16:23:47 [error] 138699#138699: *2062 open() "/var/www/html/CHANGELOG.txt" failed (2: No such file or directory), client: 52.252.148.246, server: audder.com, request: "GET /CHANGELOG.txt HTTP/1.1", host: "147.182.196.52"
2023/04/02 16:23:47 [error] 138699#138699: *2062 open() "/var/www/html/login.aspx" failed (2: No such file or directory), client: 52.252.148.246, server: audder.com, request: "GET /login.aspx HTTP/1.1", host: "147.182.196.52"
2023/04/02 16:23:47 [error] 138699#138699: *2062 open() "/var/www/html/rest/servicedeskapi/info" failed (2: No such file or directory), client: 52.252.148.246, server: audder.com, request: "GET /rest/servicedeskapi/info HTTP/1.1", host: "147.182.196.52"
2023/04/02 16:23:47 [error] 138699#138699: *2062 open() "/var/www/html/jspwebshell12.jsp" failed (2: No such file or directory), client: 52.252.148.246, server: audder.com, request: "GET /jspwebshell12.jsp HTTP/1.1", host: "147.182.196.52"
2023/04/02 16:23:47 [error] 138699#138699: *2062 open() "/var/www/html/login.action" failed (2: No such file or directory), client: 52.252.148.246, server: audder.com, request: "GET /login.action HTTP/1.1", host: "147.182.196.52"
2023/04/02 16:23:48 [error] 138699#138699: *2062 open() "/var/www/html/confluence" failed (2: No such file or directory), client: 52.252.148.246, server: audder.com, request: "GET /confluence HTTP/1.1", host: "147.182.196.52"
2023/04/02 16:23:48 [error] 138699#138699: *2062 open() "/var/www/html/web/guest/home" failed (2: No such file or directory), client: 52.252.148.246, server: audder.com, request: "GET /web/guest/home HTTP/1.1", host: "147.182.196.52"
2023/04/02 16:23:48 [error] 138699#138699: *2062 open() "/var/www/html/admin_ui/mas/ent/login.html" failed (2: No such file or directory), client: 52.252.148.246, server: audder.com, request: "GET /admin_ui/mas/ent/login.html HTTP/1.1", host: "147.182.196.52"
2023/04/02 16:23:48 [error] 138699#138699: *2062 open() "/var/www/html/SAAS/API/1.0/REST/admin/localize" failed (2: No such file or directory), client: 52.252.148.246, server: audder.com, request: "GET /SAAS/API/1.0/REST/admin/localize?patternString=errors.404,layout.copyright,layout.patentslink,layout.buildVersion HTTP/1.1", host: "147.182.196.52"
2023/04/02 16:23:48 [error] 138699#138699: *2062 open() "/var/www/html/rails/info/properties" failed (2: No such file or directory), client: 52.252.148.246, server: audder.com, request: "GET /rails/info/properties HTTP/1.1", host: "147.182.196.52"
2023/04/02 16:23:48 [error] 138699#138699: *2062 directory index of "/var/www/html/" is forbidden, client: 52.252.148.246, server: audder.com, request: "GET / HTTP/1.1", host: "147.182.196.52"
2023/04/02 16:23:49 [error] 138699#138699: *2062 open() "/var/www/html/rest/api/latest/application-properties" failed (2: No such file or directory), client: 52.252.148.246, server: audder.com, request: "GET /rest/api/latest/application-properties HTTP/1.1", host: "147.182.196.52"
2023/04/02 16:23:49 [error] 138699#138699: *2062 open() "/var/www/html/cgi-bin/cgitest" failed (2: No such file or directory), client: 52.252.148.246, server: audder.com, request: "GET /cgi-bin/cgitest HTTP/1.1", host: "147.182.196.52"
2023/04/02 16:23:49 [error] 138699#138699: *2062 "/var/www/html/api/v1/appconfiguration/index.html" is not found (2: No such file or directory), client: 52.252.148.246, server: audder.com, request: "GET /api/v1/appconfiguration/ HTTP/1.1", host: "147.182.196.52"
2023/04/02 16:23:49 [error] 138699#138699: *2062 open() "/var/www/html/thisisnotavalidpath" failed (2: No such file or directory), client: 52.252.148.246, server: audder.com, request: "GET /thisisnotavalidpath HTTP/1.1", host: "147.182.196.52"
2023/04/02 16:23:49 [error] 138699#138699: *2062 open() "/var/www/html/crowd/console/login.jsp" failed (2: No such file or directory), client: 52.252.148.246, server: audder.com, request: "GET /crowd/console/login.jsp HTTP/1.1", host: "147.182.196.52"
2023/04/02 16:23:49 [error] 138699#138699: *2062 open() "/var/www/html/webconsole/webpages/login.jsp" failed (2: No such file or directory), client: 52.252.148.246, server: audder.com, request: "GET /webconsole/webpages/login.jsp HTTP/1.1", host: "147.182.196.52"
2023/04/02 16:23:49 [error] 138699#138699: *2062 open() "/var/www/html/unified-console.html" failed (2: No such file or directory), client: 52.252.148.246, server: audder.com, request: "GET /unified-console.html HTTP/1.1", host: "147.182.196.52"
2023/04/02 16:23:50 [error] 138699#138699: *2062 open() "/var/www/html/sitecore/shell/sitecore.version.xml" failed (2: No such file or directory), client: 52.252.148.246, server: audder.com, request: "GET /sitecore/shell/sitecore.version.xml HTTP/1.1", host: "147.182.196.52"
2023/04/02 16:23:50 [error] 138699#138699: *2062 open() "/var/www/html/wordpress/wp-login.php" failed (2: No such file or directory), client: 52.252.148.246, server: audder.com, request: "GET /wordpress/wp-login.php HTTP/1.1", host: "147.182.196.52"
2023/04/02 16:23:50 [error] 138699#138699: *2062 open() "/var/www/html/selfservice/index.html" failed (2: No such file or directory), client: 52.252.148.246, server: audder.com, request: "GET /selfservice/index.html HTTP/1.1", host: "147.182.196.52"
2023/04/02 16:23:50 [error] 138699#138699: *2062 open() "/var/www/html/sugar_version.json" failed (2: No such file or directory), client: 52.252.148.246, server: audder.com, request: "GET /sugar_version.json HTTP/1.1", host: "147.182.196.52"
2023/04/02 16:23:50 [error] 138699#138699: *2062 open() "/var/www/html/login" failed (2: No such file or directory), client: 52.252.148.246, server: audder.com, request: "GET /login HTTP/1.1", host: "147.182.196.52"
2023/04/02 16:23:50 [error] 138699#138699: *2062 open() "/var/www/html/cgi-bin/welcome" failed (2: No such file or directory), client: 52.252.148.246, server: audder.com, request: "GET /cgi-bin/welcome HTTP/1.1", host: "147.182.196.52"
2023/04/02 16:23:51 [error] 138699#138699: *2062 open() "/var/www/html/admin/public/index.html" failed (2: No such file or directory), client: 52.252.148.246, server: audder.com, request: "GET /admin/public/index.html HTTP/1.1", host: "147.182.196.52"
2023/04/02 16:23:51 [error] 138699#138699: *2062 open() "/var/www/html/index.php" failed (2: No such file or directory), client: 52.252.148.246, server: audder.com, request: "GET /index.php HTTP/1.1", host: "147.182.196.52"
2023/04/02 16:23:51 [error] 138699#138699: *2062 open() "/var/www/html/login.zul" failed (2: No such file or directory), client: 52.252.148.246, server: audder.com, request: "GET /login.zul HTTP/1.1", host: "147.182.196.52"
2023/04/02 16:23:51 [error] 138699#138699: *2062 "/var/www/html/hpdm/index.html" is not found (2: No such file or directory), client: 52.252.148.246, server: audder.com, request: "GET /hpdm/ HTTP/1.1", host: "147.182.196.52"
2023/04/02 16:23:51 [error] 138699#138699: *2062 open() "/var/www/html/goanywhere/auth/Login.xhtml" failed (2: No such file or directory), client: 52.252.148.246, server: audder.com, request: "GET /goanywhere/auth/Login.xhtml HTTP/1.1", host: "147.182.196.52"
2023/04/02 16:23:51 [error] 138699#138699: *2062 open() "/var/www/html/wordpress" failed (2: No such file or directory), client: 52.252.148.246, server: audder.com, request: "GET /wordpress HTTP/1.1", host: "147.182.196.52"
2023/04/02 16:23:52 [error] 138699#138699: *2062 open() "/var/www/html/owa/auth/logon.aspx" failed (2: No such file or directory), client: 52.252.148.246, server: audder.com, request: "GET /owa/auth/logon.aspx HTTP/1.1", host: "147.182.196.52"
2023/04/02 16:23:52 [error] 138699#138699: *2062 open() "/var/www/html/index.php" failed (2: No such file or directory), client: 52.252.148.246, server: audder.com, request: "GET /index.php?title=Main_Page HTTP/1.1", host: "147.182.196.52"
2023/04/02 16:23:52 [error] 138699#138699: *2062 open() "/var/www/html/index.php/login" failed (2: No such file or directory), client: 52.252.148.246, server: audder.com, request: "GET /index.php/login HTTP/1.1", host: "147.182.196.52"
2023/04/02 16:23:52 [error] 138699#138699: *2062 open() "/var/www/html/opencrx-core-CRX/Login.jsp" failed (2: No such file or directory), client: 52.252.148.246, server: audder.com, request: "GET /opencrx-core-CRX/Login.jsp HTTP/1.1", host: "147.182.196.52"
2023/04/02 16:23:52 [error] 138699#138699: *2062 open() "/var/www/html/PassTrixMain.cc" failed (2: No such file or directory), client: 52.252.148.246, server: audder.com, request: "GET /PassTrixMain.cc HTTP/1.1", host: "147.182.196.52"
2023/04/02 16:23:52 [error] 138699#138699: *2062 open() "/var/www/html/wordpress/feed" failed (2: No such file or directory), client: 52.252.148.246, server: audder.com, request: "GET /wordpress/feed HTTP/1.1", host: "147.182.196.52"
2023/04/02 16:23:53 [error] 138699#138699: *2062 open() "/var/www/html/wordpress/readme.html" failed (2: No such file or directory), client: 52.252.148.246, server: audder.com, request: "GET /wordpress/readme.html HTTP/1.1", host: "147.182.196.52"
2023/04/02 16:23:53 [error] 138699#138699: *2062 open() "/var/www/html/reviews" failed (2: No such file or directory), client: 52.252.148.246, server: audder.com, request: "GET /reviews HTTP/1.1", host: "147.182.196.52"
2023/04/02 16:23:53 [error] 138699#138699: *2062 open() "/var/www/html/configurations.do" failed (2: No such file or directory), client: 52.252.148.246, server: audder.com, request: "GET /configurations.do HTTP/1.1", host: "147.182.196.52"
2023/04/02 16:23:53 [error] 138699#138699: *2062 open() "/var/www/html/userportal/webpages/myaccount/login.jsp" failed (2: No such file or directory), client: 52.252.148.246, server: audder.com, request: "GET /userportal/webpages/myaccount/login.jsp HTTP/1.1", host: "147.182.196.52"
2023/04/02 16:23:53 [error] 138699#138699: *2062 open() "/var/www/html/rest/api/latest/serverInfo" failed (2: No such file or directory), client: 52.252.148.246, server: audder.com, request: "GET /rest/api/latest/serverInfo HTTP/1.1", host: "147.182.196.52"
2023/04/02 16:23:53 [error] 138699#138699: *2062 open() "/var/www/html/console/App.html" failed (2: No such file or directory), client: 52.252.148.246, server: audder.com, request: "GET /console/App.html HTTP/1.1", host: "147.182.196.52"
2023/04/02 16:23:54 [error] 138699#138699: *2062 open() "/var/www/html/webtools/control/main" failed (2: No such file or directory), client: 52.252.148.246, server: audder.com, request: "GET /webtools/control/main HTTP/1.1", host: "147.182.196.52"
2023/04/02 16:23:54 [error] 138699#138699: *2062 open() "/var/www/html/Orion/Login.aspx" failed (2: No such file or directory), client: 52.252.148.246, server: audder.com, request: "GET /Orion/Login.aspx HTTP/1.1", host: "147.182.196.52"
2023/04/02 16:23:54 [error] 138699#138699: *2062 open() "/var/www/html/php/login.php" failed (2: No such file or directory), client: 52.252.148.246, server: audder.com, request: "GET /php/login.php HTTP/1.1", host: "147.182.196.52"
2023/04/02 16:23:54 [error] 138699#138699: *2062 open() "/var/www/html/ui/login.action" failed (2: No such file or directory), client: 52.252.148.246, server: audder.com, request: "GET /ui/login.action HTTP/1.1", host: "147.182.196.52"
2023/04/02 16:23:54 [error] 138699#138699: *2062 "/var/www/html/solr/index.html" is not found (2: No such file or directory), client: 52.252.148.246, server: audder.com, request: "GET /solr/#/ HTTP/1.1", host: "147.182.196.52"
2023/04/02 16:23:54 [error] 138699#138699: *2062 open() "/var/www/html/signin.php" failed (2: No such file or directory), client: 52.252.148.246, server: audder.com, request: "GET /signin.php HTTP/1.1", host: "147.182.196.52"
2023/04/02 16:23:54 [error] 138699#138699: *2062 open() "/var/www/html/cgi-bin/authLogin.cgi" failed (2: No such file or directory), client: 52.252.148.246, server: audder.com, request: "GET /cgi-bin/authLogin.cgi HTTP/1.1", host: "147.182.196.52"
2023/04/02 16:23:55 [error] 138699#138699: *2063 directory index of "/var/www/html/" is forbidden, client: 52.252.148.246, server: audder.com, request: "GET / HTTP/1.1", host: "147.182.196.52"
2023/04/02 16:23:55 [error] 138699#138699: *2064 "/var/www/html/jbossws/index.html" is not found (2: No such file or directory), client: 52.252.148.246, server: audder.com, request: "GET /jbossws/ HTTP/1.1", host: "147.182.196.52"
2023/04/02 16:23:55 [error] 138699#138699: *2065 "/var/www/html/invoker/index.html" is not found (2: No such file or directory), client: 52.252.148.246, server: audder.com, request: "GET /invoker/ HTTP/1.1", host: "147.182.196.52"
2023/04/02 16:23:55 [error] 138699#138699: *2066 "/var/www/html/jbossmq-httpil/index.html" is not found (2: No such file or directory), client: 52.252.148.246, server: audder.com, request: "GET /jbossmq-httpil/ HTTP/1.1", host: "147.182.196.52"
2023/04/02 16:23:55 [error] 138699#138699: *2067 "/var/www/html/status/index.html" is not found (2: No such file or directory), client: 52.252.148.246, server: audder.com, request: "GET /status/ HTTP/1.1", host: "147.182.196.52"
2023/04/02 16:23:56 [error] 138699#138699: *2068 open() "/var/www/html/spiffymcgee.nsf" failed (2: No such file or directory), client: 52.252.148.246, server: audder.com, request: "GET /spiffymcgee.nsf HTTP/1.1", host: "147.182.196.52"
2023/04/02 16:23:56 [error] 138699#138699: *2069 open() "/var/www/html/spiffymcgee.cfm" failed (2: No such file or directory), client: 52.252.148.246, server: audder.com, request: "GET /spiffymcgee.cfm HTTP/1.1", host: "147.182.196.52"
2023/04/02 16:23:56 [error] 138699#138699: *2070 directory index of "/var/www/html/" is forbidden, client: 52.252.148.246, server: audder.com, request: "GET / HTTP/1.1", host: "147.182.196.52"
2023/04/02 16:23:56 [error] 138699#138699: *2071 open() "/var/www/html/xmldata" failed (2: No such file or directory), client: 52.252.148.246, server: audder.com, request: "GET /xmldata?item=All HTTP/1.1", host: "147.182.196.52"
2023/04/02 16:23:57 [error] 138698#138698: *2072 directory index of "/var/www/html/" is forbidden, client: 52.252.148.246, server: audder.com, request: "GET / HTTP/1.1", host: "147.182.196.52"
2023/04/02 16:23:57 [error] 138698#138698: *2073 "/var/www/html/servlet/index.html" is not found (2: No such file or directory), client: 52.252.148.246, server: audder.com, request: "GET /servlet/ HTTP/1.1", host: "147.182.196.52"
2023/04/02 16:23:57 [error] 138698#138698: *2074 directory index of "/var/www/html/" is forbidden, client: 52.252.148.246, server: audder.com, request: "GET / HTTP/1.1", host: "147.182.196.52"
2023/04/02 16:23:57 [error] 138698#138698: *2076 open() "/var/www/html/administrator/manifests/files/joomla.xml" failed (2: No such file or directory), client: 52.252.148.246, server: audder.com, request: "GET /administrator/manifests/files/joomla.xml HTTP/1.1", host: "147.182.196.52"
2023/04/02 16:23:58 [error] 138698#138698: *2077 open() "/var/www/html/administrator/language/en-GB/en-GB.xml" failed (2: No such file or directory), client: 52.252.148.246, server: audder.com, request: "GET /administrator/language/en-GB/en-GB.xml HTTP/1.1", host: "147.182.196.52"
2023/04/02 16:23:58 [error] 138698#138698: *2078 open() "/var/www/html/language/en-GB/en-GB.xml" failed (2: No such file or directory), client: 52.252.148.246, server: audder.com, request: "GET /language/en-GB/en-GB.xml HTTP/1.1", host: "147.182.196.52"
2023/04/02 16:23:58 [error] 138698#138698: *2079 open() "/var/www/html/joomla/administrator/manifests/files/joomla.xml" failed (2: No such file or directory), client: 52.252.148.246, server: audder.com, request: "GET /joomla/administrator/manifests/files/joomla.xml HTTP/1.1", host: "147.182.196.52"
2023/04/02 16:23:58 [error] 138698#138698: *2080 open() "/var/www/html/joomla/administrator/language/en-GB/en-GB.xml" failed (2: No such file or directory), client: 52.252.148.246, server: audder.com, request: "GET /joomla/administrator/language/en-GB/en-GB.xml HTTP/1.1", host: "147.182.196.52"
2023/04/02 16:23:58 [error] 138698#138698: *2081 open() "/var/www/html/joomla/language/en-GB/en-GB.xml" failed (2: No such file or directory), client: 52.252.148.246, server: audder.com, request: "GET /joomla/language/en-GB/en-GB.xml HTTP/1.1", host: "147.182.196.52"
2023/04/02 16:23:59 [error] 138698#138698: *2082 open() "/var/www/html/spiffymcgee.jsp" failed (2: No such file or directory), client: 52.252.148.246, server: audder.com, request: "GET /spiffymcgee.jsp HTTP/1.1", host: "147.182.196.52"
2023/04/02 16:24:04 [error] 138698#138698: *2083 open() "/var/www/html/console/faces/com_sun_web_ui/jsp/version/version_30.jsp" failed (2: No such file or directory), client: 52.252.148.246, server: audder.com, request: "GET /console/faces/com_sun_web_ui/jsp/version/version_30.jsp HTTP/1.1", host: "147.182.196.52"
2023/04/02 16:24:04 [error] 138698#138698: *2084 open() "/var/www/html/console/faces/com_sun_web_ui/jsp/version/version_4.jsp" failed (2: No such file or directory), client: 52.252.148.246, server: audder.com, request: "GET /console/faces/com_sun_web_ui/jsp/version/version_4.jsp HTTP/1.1", host: "147.182.196.52"
2023/04/02 16:24:04 [error] 138698#138698: *2085 "/var/www/html/phpmyadmin/index.html" is not found (2: No such file or directory), client: 52.252.148.246, server: audder.com, request: "GET /phpmyadmin/ HTTP/1.1", host: "147.182.196.52"
2023/04/02 16:24:05 [error] 138698#138698: *2086 open() "/var/www/html/rest/v1/AccountService/Accounts" failed (2: No such file or directory), client: 52.252.148.246, server: audder.com, request: "GET /rest/v1/AccountService/Accounts HTTP/1.1", host: "147.182.196.52"
2023/04/02 16:24:05 [error] 138698#138698: *2087 open() "/var/www/html/vpns/cfg/smb.conf" failed (2: No such file or directory), client: 52.252.148.246, server: audder.com, request: "GET /vpn/../vpns/cfg/smb.conf HTTP/1.1", host: "147.182.196.52"
2023/04/02 16:24:05 [error] 138699#138699: *2088 open() "/var/www/html/cgi-bin/htsearch" failed (2: No such file or directory), client: 52.252.148.246, server: audder.com, request: "GET /cgi-bin/htsearch?Exclude=%60/etc/passwd%60 HTTP/1.1", host: "147.182.196.52"
2023/04/02 16:24:05 [error] 138699#138699: *2089 open() "/var/www/html/fileupload/toolsAny" failed (2: No such file or directory), client: 52.252.148.246, server: audder.com, request: "POST /fileupload/toolsAny HTTP/1.1", host: "147.182.196.52"
2023/04/02 16:24:05 [error] 138699#138699: *2090 open() "/var/www/html/xmlrpc.php" failed (2: No such file or directory), client: 52.252.148.246, server: audder.com, request: "POST /xmlrpc.php HTTP/1.1", host: "147.182.196.52"
2023/04/02 16:24:05 [error] 138699#138699: *2091 open() "/var/www/html/Orion/Login.aspx" failed (2: No such file or directory), client: 52.252.148.246, server: audder.com, request: "GET /Orion/Login.aspx HTTP/1.1", host: "147.182.196.52"
2023/04/02 16:24:05 [error] 138699#138699: *2092 open() "/var/www/html/Orion/Login.aspx" failed (2: No such file or directory), client: 52.252.148.246, server: audder.com, request: "GET /Orion/Login.aspx HTTP/1.1", host: "147.182.196.52"
2023/04/02 16:24:05 [error] 138699#138699: *2093 open() "/var/www/html/Orion/Login.aspx" failed (2: No such file or directory), client: 52.252.148.246, server: audder.com, request: "GET /Orion/Login.aspx HTTP/1.1", host: "147.182.196.52"
2023/04/02 16:24:05 [error] 138699#138699: *2090 open() "/var/www/html/serendipity/serendipity_xmlrpc.php" failed (2: No such file or directory), client: 52.252.148.246, server: audder.com, request: "POST /serendipity/serendipity_xmlrpc.php HTTP/1.1", host: "147.182.196.52"
2023/04/02 16:24:05 [error] 138699#138699: *2094 open() "/var/www/html/lucee/admin/ext.applications.upload.cfm" failed (2: No such file or directory), client: 52.252.148.246, server: audder.com, request: "POST /lucee/admin/ext.applications.upload.cfm HTTP/1.1", host: "147.182.196.52"
2023/04/02 16:24:05 [error] 138699#138699: *2095 open() "/var/www/html/mifs/.;/services/LogService" failed (2: No such file or directory), client: 52.252.148.246, server: audder.com, request: "POST /mifs/.;/services/LogService HTTP/1.1", host: "147.182.196.52", referrer: "https://www.rapid7.com/"
2023/04/02 16:24:05 [error] 138699#138699: *2090 open() "/var/www/html/serendipity/xmlrpc.php" failed (2: No such file or directory), client: 52.252.148.246, server: audder.com, request: "POST /serendipity/xmlrpc.php HTTP/1.1", host: "147.182.196.52"
2023/04/02 16:24:05 [error] 138699#138699: *2096 open() "/var/www/html/Orion/Login.aspx" failed (2: No such file or directory), client: 52.252.148.246, server: audder.com, request: "GET /Orion/Login.aspx HTTP/1.1", host: "147.182.196.52"
2023/04/02 16:24:05 [error] 138699#138699: *2097 open() "/var/www/html/api/getServices" failed (2: No such file or directory), client: 52.252.148.246, server: audder.com, request: "GET /api/getServices?name[]=$() HTTP/1.1", host: "147.182.196.52"
2023/04/02 16:24:05 [error] 138699#138699: *2098 open() "/var/www/html/CFIDE/administrator/enter.cfm" failed (2: No such file or directory), client: 52.252.148.246, server: audder.com, request: "GET /CFIDE/administrator/enter.cfm?locale=../../../../../../../lib/password.properties%00en HTTP/1.1", host: "localhost"
2023/04/02 16:24:05 [error] 138699#138699: *2090 open() "/var/www/html/drupal/xmlrpc.php" failed (2: No such file or directory), client: 52.252.148.246, server: audder.com, request: "POST /drupal/xmlrpc.php HTTP/1.1", host: "147.182.196.52"
2023/04/02 16:24:05 [error] 138699#138699: *2099 open() "/var/www/html/cgi-bin/test-cgi" failed (2: No such file or directory), client: 52.252.148.246, server: audder.com, request: "POST /cgi-bin/test-cgi HTTP/1.1", host: "147.182.196.52"
2023/04/02 16:24:05 [error] 138699#138699: *2101 open() "/var/www/html/scripts/tools/newdsn.exe" failed (2: No such file or directory), client: 52.252.148.246, server: audder.com, request: "GET /scripts/tools/newdsn.exe?driver=Microsoft%2BAccess%2BDriver%2B%28*.mdb%29&dsn=Web%20SQL&dbq=c:%5Ctemp%5Cxyz.mdb&newdb=CREATE_DB&attr= HTTP/1.1", host: "147.182.196.52"
2023/04/02 16:24:05 [error] 138699#138699: *2100 open() "/var/www/html/Telerik.Web.UI.WebResource.axd" failed (2: No such file or directory), client: 52.252.148.246, server: audder.com, request: "GET /Telerik.Web.UI.WebResource.axd?type=rau HTTP/1.1", host: "147.182.196.52"
2023/04/02 16:24:05 [error] 138699#138699: *2090 open() "/var/www/html/bblog/xmlrpc.php" failed (2: No such file or directory), client: 52.252.148.246, server: audder.com, request: "POST /bblog/xmlrpc.php HTTP/1.1", host: "147.182.196.52"
2023/04/02 16:24:06 [error] 138699#138699: *2102 open() "/var/www/html/CFIDE/adminapi/base.cfc" failed (2: No such file or directory), client: 52.252.148.246, server: audder.com, request: "GET /CFIDE/adminapi/base.cfc?wsdl HTTP/1.1", host: "147.182.196.52"
2023/04/02 16:24:06 [error] 138699#138699: *2103 open() "/var/www/html/cgi-bin/view-source" failed (2: No such file or directory), client: 52.252.148.246, server: audder.com, request: "GET /cgi-bin/view-source?../../../../../../../etc/passwd HTTP/1.1", host: "147.182.196.52"
2023/04/02 16:24:06 [error] 138699#138699: *2090 open() "/var/www/html/blogs/xmlsrv/xmlrpc.php" failed (2: No such file or directory), client: 52.252.148.246, server: audder.com, request: "POST /blogs/xmlsrv/xmlrpc.php HTTP/1.1", host: "147.182.196.52"
2023/04/02 16:24:06 [error] 138698#138698: *2104 open() "/var/www/html/AdvWorks/equipment/catalog_type.asp" failed (2: No such file or directory), client: 52.252.148.246, server: audder.com, request: "GET /AdvWorks/equipment/catalog_type.asp?ProductType=|shell(%22c:cmd.exe%22)| HTTP/1.1", host: "147.182.196.52"
2023/04/02 16:24:06 [error] 138698#138698: *2105 open() "/var/www/html/cgi-bin/faxsurvey" failed (2: No such file or directory), client: 52.252.148.246, server: audder.com, request: "GET /cgi-bin/faxsurvey?/bin/cat%20/etc/passwd HTTP/1.1", host: "147.182.196.52"
2023/04/02 16:24:06 [error] 138698#138698: *2106 open() "/var/www/html/Orion/Login.aspx" failed (2: No such file or directory), client: 52.252.148.246, server: audder.com, request: "GET /Orion/Login.aspx HTTP/1.1", host: "147.182.196.52"
2023/04/02 16:24:06 [error] 138698#138698: *2107 directory index of "/var/www/html/" is forbidden, client: 52.252.148.246, server: audder.com, request: "GET /?Class.classLoader.resources.cacheObjectMaxSize=foo HTTP/1.1", host: "147.182.196.52"
2023/04/02 16:24:06 [error] 138699#138699: *2090 open() "/var/www/html/xmlsrv/xmlrpc.php" failed (2: No such file or directory), client: 52.252.148.246, server: audder.com, request: "POST /xmlsrv/xmlrpc.php HTTP/1.1", host: "147.182.196.52"
2023/04/02 16:24:06 [error] 138698#138698: *2105 open() "/var/www/html/cgi-bin/faxquery" failed (2: No such file or directory), client: 52.252.148.246, server: audder.com, request: "GET /cgi-bin/faxquery?/bin/cat%20/etc/passwd HTTP/1.1", host: "147.182.196.52"
2023/04/02 16:24:06 [error] 138698#138698: *2108 open() "/var/www/html/ASPSamp/AdvWorks/equipment/catalog_type.asp" failed (2: No such file or directory), client: 52.252.148.246, server: audder.com, request: "GET /ASPSamp/AdvWorks/equipment/catalog_type.asp?ProductType=|shell(%22c:cmd.exe%22)| HTTP/1.1", host: "147.182.196.52"
2023/04/02 16:24:06 [error] 138698#138698: *2109 open() "/var/www/html/openam/oauth2/..;/ccversion/Version" failed (2: No such file or directory), client: 52.252.148.246, server: audder.com, request: "POST /openam/oauth2/..;/ccversion/Version HTTP/1.1", host: "147.182.196.52"
2023/04/02 16:24:06 [error] 138698#138698: *2110 open() "/var/www/html/cgi-bin/config.exp" failed (2: No such file or directory), client: 52.252.148.246, server: audder.com, request: "GET /cgi-bin/config.exp HTTP/1.1", host: "147.182.196.52"
2023/04/02 16:24:06 [error] 138699#138699: *2090 open() "/var/www/html/xmlrpc/xmlrpc.php" failed (2: No such file or directory), client: 52.252.148.246, server: audder.com, request: "POST /xmlrpc/xmlrpc.php HTTP/1.1", host: "147.182.196.52"
2023/04/02 16:24:06 [error] 138698#138698: *2111 open() "/var/www/html/imc/fault/accessMgrServlet" failed (2: No such file or directory), client: 52.252.148.246, server: audder.com, request: "GET /imc/fault/accessMgrServlet HTTP/1.1", host: "147.182.196.52"
2023/04/02 16:24:06 [error] 138698#138698: *2112 "/var/www/html/CFIDE/adminiapi/index.html" is not found (2: No such file or directory), client: 52.252.148.246, server: audder.com, request: "GET /CFIDE/adminiapi/ HTTP/1.1", host: "147.182.196.52"
2023/04/02 16:24:06 [error] 138698#138698: *2113 "/var/www/html/CFIDE/administrator/index.html" is not found (2: No such file or directory), client: 52.252.148.246, server: audder.com, request: "GET /CFIDE/administrator/ HTTP/1.1", host: "147.182.196.52"
2023/04/02 16:24:06 [error] 138699#138699: *2090 open() "/var/www/html/script/xmlrpc.php" failed (2: No such file or directory), client: 52.252.148.246, server: audder.com, request: "POST /script/xmlrpc.php HTTP/1.1", host: "147.182.196.52"
2023/04/02 16:24:06 [error] 138698#138698: *2114 open() "/var/www/html/struts2-blank/example/HelloWorld.action" failed (2: No such file or directory), client: 52.252.148.246, server: audder.com, request: "GET /struts2-blank/example/HelloWorld.action HTTP/1.1", host: "147.182.196.52"
2023/04/02 16:24:06 [error] 138698#138698: *2115 open() "/var/www/html/cgi-bin/htmlscript" failed (2: No such file or directory), client: 52.252.148.246, server: audder.com, request: "GET /cgi-bin/htmlscript?../../../../../../../etc/passwd HTTP/1.1", host: "147.182.196.52"
2023/04/02 16:24:06 [error] 138698#138698: *2113 open() "/var/www/html/CFIDE/administrator/enter.cfm" failed (2: No such file or directory), client: 52.252.148.246, server: audder.com, request: "GET /CFIDE/administrator/enter.cfm HTTP/1.1", host: "147.182.196.52"
2023/04/02 16:24:06 [error] 138698#138698: *2117 open() "/var/www/html/flex2gateway/http" failed (2: No such file or directory), client: 52.252.148.246, server: audder.com, request: "POST /flex2gateway/http HTTP/1.1", host: "147.182.196.52"
2023/04/02 16:24:06 [error] 138699#138699: *2118 open() "/var/www/html/c99.php" failed (2: No such file or directory), client: 52.252.148.246, server: audder.com, request: "GET /c99.php HTTP/1.1", host: "147.182.196.52"
2023/04/02 16:24:06 [error] 138698#138698: *2119 open() "/var/www/html/webconsole/Controller" failed (2: No such file or directory), client: 52.252.148.246, server: audder.com, request: "POST /webconsole/Controller?mode=8700&operation=1&datagrid=179&json={%22%22:%22test%22} HTTP/1.1", host: "147.182.196.52"
2023/04/02 16:24:06 [error] 138698#138698: *2120 open() "/var/www/html/conf/ssl/apache/integrity.key" failed (2: No such file or directory), client: 52.252.148.246, server: audder.com, request: "GET /conf/ssl/apache/integrity.key HTTP/1.1", host: "147.182.196.52"
2023/04/02 16:24:06 [error] 138699#138699: *2121 "/var/www/html/CFIDE/scheduler/index.html" is not found (2: No such file or directory), client: 52.252.148.246, server: audder.com, request: "GET /CFIDE/scheduler/ HTTP/1.1", host: "147.182.196.52"
2023/04/02 16:24:06 [error] 138698#138698: *2117 open() "/var/www/html/flex2gateway/httpsecure" failed (2: No such file or directory), client: 52.252.148.246, server: audder.com, request: "POST /flex2gateway/httpsecure HTTP/1.1", host: "147.182.196.52"
2023/04/02 16:24:06 [error] 138699#138699: *2122 "/var/www/html/CFIDE/servermanager/index.html" is not found (2: No such file or directory), client: 52.252.148.246, server: audder.com, request: "GET /CFIDE/servermanager/ HTTP/1.1", host: "147.182.196.52"
2023/04/02 16:24:07 [error] 138698#138698: *2120 open() "/var/www/html/conf/ssl/apache/integrity-smartcenter.key" failed (2: No such file or directory), client: 52.252.148.246, server: audder.com, request: "GET /conf/ssl/apache/integrity-smartcenter.key HTTP/1.1", host: "147.182.196.52"
2023/04/02 16:24:07 [error] 138699#138699: *2123 open() "/var/www/html/CFIDE/componentutils/cfcexplorer.cfc" failed (2: No such file or directory), client: 52.252.148.246, server: audder.com, request: "GET /CFIDE/componentutils/cfcexplorer.cfc?method=getcfcinhtml&name=CFIDE.componentutils.cfcexplorer&path=../../../license.txt HTTP/1.1", host: "147.182.196.52"
2023/04/02 16:24:07 [error] 138699#138699: *2124 open() "/var/www/html/CFIDE/adminapi/customtags/soft404validationcheck.cfm" failed (2: No such file or directory), client: 52.252.148.246, server: audder.com, request: "GET /CFIDE/adminapi/customtags/soft404validationcheck.cfm HTTP/1.1", host: "147.182.196.52"
2023/04/02 16:24:07 [error] 138698#138698: *2117 open() "/var/www/html/messagebroker/http" failed (2: No such file or directory), client: 52.252.148.246, server: audder.com, request: "POST /messagebroker/http HTTP/1.1", host: "147.182.196.52"
2023/04/02 16:24:07 [error] 138699#138699: *2125 "/var/www/html/CFIDE/AIR/index.html" is not found (2: No such file or directory), client: 52.252.148.246, server: audder.com, request: "GET /CFIDE/AIR/ HTTP/1.1", host: "147.182.196.52"
2023/04/02 16:24:07 [error] 138699#138699: *2123 open() "/var/www/html/CFIDE/componentutils/cfcexplorer.cfc" failed (2: No such file or directory), client: 52.252.148.246, server: audder.com, request: "GET /CFIDE/componentutils/cfcexplorer.cfc?method=getcfcinhtml&name=CFIDE.componentutils.cfcexplorer&path=../../../../license.html HTTP/1.1", host: "147.182.196.52"
2023/04/02 16:24:07 [error] 138699#138699: *2126 directory index of "/var/www/html/" is forbidden, client: 52.252.148.246, server: audder.com, request: "HEAD http://www.google.com:80/ HTTP/1.1", host: "147.182.196.52"
2023/04/02 16:24:07 [error] 138699#138699: *2124 open() "/var/www/html/CFIDE/soft404validationcheck.cfm" failed (2: No such file or directory), client: 52.252.148.246, server: audder.com, request: "GET /CFIDE/soft404validationcheck.cfm HTTP/1.1", host: "147.182.196.52"
2023/04/02 16:24:07 [error] 138698#138698: *2117 open() "/var/www/html/messagebroker/httpsecure" failed (2: No such file or directory), client: 52.252.148.246, server: audder.com, request: "POST /messagebroker/httpsecure HTTP/1.1", host: "147.182.196.52"
2023/04/02 16:24:07 [error] 138699#138699: *2127 "/var/www/html/CFIDE/wizards/common/index.html" is not found (2: No such file or directory), client: 52.252.148.246, server: audder.com, request: "GET /CFIDE/wizards/common/ HTTP/1.1", host: "147.182.196.52"
2023/04/02 16:24:07 [error] 138699#138699: *2128 open() "/var/www/html/go/add-on/business-continuity/api/cruise_config" failed (2: No such file or directory), client: 52.252.148.246, server: audder.com, request: "GET /go/add-on/business-continuity/api/cruise_config HTTP/1.1", host: "147.182.196.52"
2023/04/02 16:24:07 [error] 138699#138699: *2129 open() "/var/www/html/Orion/Login.aspx" failed (2: No such file or directory), client: 52.252.148.246, server: audder.com, request: "GET /Orion/Login.aspx HTTP/1.1", host: "147.182.196.52"
2023/04/02 16:24:07 [error] 138699#138699: *2130 open() "/var/www/html/CFIDE/adminapi/customtags/fusebox.cfm" failed (2: No such file or directory), client: 52.252.148.246, server: audder.com, request: "GET /CFIDE/adminapi/customtags/fusebox.cfm HTTP/1.1", host: "147.182.196.52"
2023/04/02 16:24:07 [error] 138698#138698: *2117 open() "/var/www/html/blazeds/messagebroker/http" failed (2: No such file or directory), client: 52.252.148.246, server: audder.com, request: "POST /blazeds/messagebroker/http HTTP/1.1", host: "147.182.196.52"
2023/04/02 16:24:07 [error] 138699#138699: *2131 "/var/www/html/phpmyadmin/index.html" is not found (2: No such file or directory), client: 52.252.148.246, server: audder.com, request: "GET /phpmyadmin/ HTTP/1.1", host: "147.182.196.52"
2023/04/02 16:24:07 [error] 138699#138699: *2132 open() "/var/www/html/~bin/true" failed (2: No such file or directory), client: 52.252.148.246, server: audder.com, request: "GET /~bin/true HTTP/1.1", host: "147.182.196.52"
2023/04/02 16:24:07 [error] 138699#138699: *2133 "/var/www/html/CFIDE/componentutils/index.html" is not found (2: No such file or directory), client: 52.252.148.246, server: audder.com, request: "GET /CFIDE/componentutils/ HTTP/1.1", host: "147.182.196.52"
2023/04/02 16:24:07 [error] 138699#138699: *2134 "/var/www/html/CFIDE/orm/index.html" is not found (2: No such file or directory), client: 52.252.148.246, server: audder.com, request: "GET /CFIDE/orm/ HTTP/1.1", host: "147.182.196.52"
2023/04/02 16:24:07 [error] 138699#138699: *2130 open() "/var/www/html/CFIDE/adminapi/customtags/adss.cfm" failed (2: No such file or directory), client: 52.252.148.246, server: audder.com, request: "GET /CFIDE/adminapi/customtags/adss.cfm HTTP/1.1", host: "147.182.196.52"
2023/04/02 16:24:07 [error] 138698#138698: *2117 open() "/var/www/html/blazeds/messagebroker/httpsecure" failed (2: No such file or directory), client: 52.252.148.246, server: audder.com, request: "POST /blazeds/messagebroker/httpsecure HTTP/1.1", host: "147.182.196.52"
2023/04/02 16:24:07 [error] 138698#138698: *2137 directory index of "/var/www/html/" is forbidden, client: 52.252.148.246, server: audder.com, request: "POST / HTTP/1.1", host: "147.182.196.52"
2023/04/02 16:24:07 [error] 138699#138699: *2135 directory index of "/var/www/html/" is forbidden, client: 52.252.148.246, server: audder.com, request: "POST / HTTP/1.1", host: "147.182.196.52"
2023/04/02 16:24:07 [error] 138698#138698: *2136 open() "/var/www/html/cgi-bin/awstats.pl" failed (2: No such file or directory), client: 52.252.148.246, server: audder.com, request: "GET /cgi-bin/awstats.pl?debug=1 HTTP/1.1", host: "147.182.196.52"
2023/04/02 16:24:07 [error] 138698#138698: *2137 open() "/var/www/html/struts2-rest-showcase" failed (2: No such file or directory), client: 52.252.148.246, server: audder.com, request: "POST /struts2-rest-showcase HTTP/1.1", host: "147.182.196.52"
2023/04/02 16:24:07 [error] 138699#138699: *2130 open() "/var/www/html/CFIDE/h.cfm" failed (2: No such file or directory), client: 52.252.148.246, server: audder.com, request: "GET /CFIDE/h.cfm HTTP/1.1", host: "147.182.196.52"
2023/04/02 16:24:07 [error] 138698#138698: *2138 open() "/var/www/html/createou" failed (2: No such file or directory), client: 52.252.148.246, server: audder.com, request: "POST /createou HTTP/1.1", host: "147.182.196.52"
2023/04/02 16:24:07 [error] 138698#138698: *2117 open() "/var/www/html/samples/messagebroker/http" failed (2: No such file or directory), client: 52.252.148.246, server: audder.com, request: "POST /samples/messagebroker/http HTTP/1.1", host: "147.182.196.52"
2023/04/02 16:24:07 [error] 138698#138698: *2136 open() "/var/www/html/cgi-bin/awstats/awstats.pl" failed (2: No such file or directory), client: 52.252.148.246, server: audder.com, request: "GET /cgi-bin/awstats/awstats.pl?debug=1 HTTP/1.1", host: "147.182.196.52"
2023/04/02 16:24:07 [error] 138698#138698: *2139 open() "/var/www/html/README.txt" failed (2: No such file or directory), client: 52.252.148.246, server: audder.com, request: "GET /README.txt HTTP/1.1", host: "147.182.196.52"
2023/04/02 16:24:07 [error] 138699#138699: *2130 open() "/var/www/html/CFIDE/h9.cfm" failed (2: No such file or directory), client: 52.252.148.246, server: audder.com, request: "GET /CFIDE/h9.cfm HTTP/1.1", host: "147.182.196.52"
2023/04/02 16:24:07 [error] 138698#138698: *2140 open() "/var/www/html/index_sso.php" failed (2: No such file or directory), client: 52.252.148.246, server: audder.com, request: "GET /index_sso.php HTTP/1.1", host: "147.182.196.52"
2023/04/02 16:24:07 [error] 138698#138698: *2117 open() "/var/www/html/samples/messagebroker/httpsecure" failed (2: No such file or directory), client: 52.252.148.246, server: audder.com, request: "POST /samples/messagebroker/httpsecure HTTP/1.1", host: "147.182.196.52"
2023/04/02 16:24:07 [error] 138698#138698: *2141 open() "/var/www/html/_vti_bin/_vti_aut/author.dll" failed (2: No such file or directory), client: 52.252.148.246, server: audder.com, request: "GET /_vti_bin/_vti_aut/author.dll HTTP/1.1", host: "147.182.196.52"
2023/04/02 16:24:08 [error] 138698#138698: *2142 open() "/var/www/html/CFIDE/adminapi/customtags/l10n.cfm" failed (2: No such file or directory), client: 52.252.148.246, server: audder.com, request: "GET /CFIDE/adminapi/customtags/l10n.cfm?attributes.id=test&attributes.file=../../administrator/mail/download.cfm&filename=../../lib/password.properties&attributes.locale=it&attributes.var=it&attributes.jscript=false&attributes.type=text/html&attributes.charset=UTF-8&thisTag.executionmode=end&thisTag.generatedContent=test HTTP/1.1", host: "localhost"
2023/04/02 16:24:08 [error] 138699#138699: *2130 open() "/var/www/html/CFIDE/help.cfm" failed (2: No such file or directory), client: 52.252.148.246, server: audder.com, request: "GET /CFIDE/help.cfm HTTP/1.1", host: "147.182.196.52"
2023/04/02 16:24:08 [error] 138698#138698: *2117 open() "/var/www/html/lcds/messagebroker/http" failed (2: No such file or directory), client: 52.252.148.246, server: audder.com, request: "POST /lcds/messagebroker/http HTTP/1.1", host: "147.182.196.52"
2023/04/02 16:24:08 [error] 138698#138698: *2144 "/var/www/html/bb/index.html" is not found (2: No such file or directory), client: 52.252.148.246, server: audder.com, request: "GET /bb/ HTTP/1.1", host: "147.182.196.52"
2023/04/02 16:24:08 [error] 138698#138698: *2145 directory index of "/var/www/html/" is forbidden, client: 52.252.148.246, server: audder.com, request: "GET /?class.module.classLoader.URLs%5B-1%5D=0 HTTP/1.1", host: "147.182.196.52"
2023/04/02 16:24:08 [error] 138698#138698: *2142 open() "/var/www/html/CFIDE/adminapi/customtags/l10n.cfm" failed (2: No such file or directory), client: 52.252.148.246, server: audder.com, request: "GET /CFIDE/adminapi/customtags/l10n.cfm?attributes.id=test&attributes.file=../../administrator/mail/download.cfm&filename=../lib/password.properties&attributes.locale=it&attributes.var=it&attributes.jscript=false&attributes.type=text/html&attributes.charset=UTF-8&thisTag.executionmode=end&thisTag.generatedContent=test HTTP/1.1", host: "localhost"
2023/04/02 16:24:08 [error] 138699#138699: *2130 open() "/var/www/html/CFIDE/i.cfm" failed (2: No such file or directory), client: 52.252.148.246, server: audder.com, request: "GET /CFIDE/i.cfm HTTP/1.1", host: "147.182.196.52"
2023/04/02 16:24:08 [error] 138698#138698: *2146 "/var/www/html/CFIDE/appdeployment/index.html" is not found (2: No such file or directory), client: 52.252.148.246, server: audder.com, request: "GET /CFIDE/appdeployment/ HTTP/1.1", host: "147.182.196.52"
2023/04/02 16:24:08 [error] 138698#138698: *2117 open() "/var/www/html/lcds/messagebroker/httpsecure" failed (2: No such file or directory), client: 52.252.148.246, server: audder.com, request: "POST /lcds/messagebroker/httpsecure HTTP/1.1", host: "147.182.196.52"
2023/04/02 16:24:08 [error] 138698#138698: *2147 open() "/var/www/html/cgi-bin/htgrep/file=index.html&hdr=/etc/passwd" failed (2: No such file or directory), client: 52.252.148.246, server: audder.com, request: "GET /cgi-bin/htgrep/file=index.html&hdr=/etc/passwd HTTP/1.1", host: "147.182.196.52"
2023/04/02 16:24:08 [error] 138698#138698: *2148 open() "/var/www/html/frame" failed (2: No such file or directory), client: 52.252.148.246, server: audder.com, request: "GET /frame?class.module.classLoader.URLs%5B-1%5D=0 HTTP/1.1", host: "147.182.196.52"
2023/04/02 16:24:08 [error] 138699#138699: *2130 open() "/var/www/html/CFIDE/r.cfm" failed (2: No such file or directory), client: 52.252.148.246, server: audder.com, request: "GET /CFIDE/r.cfm HTTP/1.1", host: "147.182.196.52"
2023/04/02 16:24:08 [error] 138698#138698: *2149 "/var/www/html/CFIDE/websocket/index.html" is not found (2: No such file or directory), client: 52.252.148.246, server: audder.com, request: "GET /CFIDE/websocket/ HTTP/1.1", host: "147.182.196.52"
2023/04/02 16:24:08 [error] 138698#138698: *2150 open() "/var/www/html/autodiscover" failed (2: No such file or directory), client: 52.252.148.246, server: audder.com, request: "POST /autodiscover HTTP/1.1", host: "147.182.196.52"
2023/04/02 16:24:08 [error] 138698#138698: *2117 open() "/var/www/html/lcds-samples/messagebroker/http" failed (2: No such file or directory), client: 52.252.148.246, server: audder.com, request: "POST /lcds-samples/messagebroker/http HTTP/1.1", host: "147.182.196.52"
2023/04/02 16:24:08 [error] 138698#138698: *2152 open() "/var/www/html/frame/config_main.do" failed (2: No such file or directory), client: 52.252.148.246, server: audder.com, request: "GET /frame/config_main.do?class.module.classLoader.URLs%5B-1%5D=0 HTTP/1.1", host: "147.182.196.52"
